{
  "Number": 1,
  "Title": "test1",
  "Body": "fixed login page css paddings",
  "Labels": [{"Name":"Community contribution"},{"Name":"Manage"}],
  "Sha": "8888888888888888888888888888888888888888",
  "Ref": "refs/merge-requests/1/head",
  "Source": "test1",
  "Target": "master",
  "Base": {
    "Ref": "master",
    "Sha": "c380d3acebd181f13629a25d2e2acca46ffe1e00",
    "Repo": {
      "ID": "32732",
      "Namespace": "diaspora",
      "Name": "diaspora",
      "FullName": "diaspora/diaspora",
      "Perm": {
        "Pull": true,
        "Push": false,
        "Admin": false
      },
      "Branch": "master",
      "Private": false,
      "Clone": "https://gitlab.com/diaspora/diaspora.git",
      "CloneSSH": "git@gitlab.com:diaspora/diaspora.git",
      "Link": "",
      "Created": "0001-01-01T00:00:00Z",
      "Updated": "0001-01-01T00:00:00Z"
    }
  },
  "Head": {
    "Ref": "test1",
    "Sha": "8888888888888888888888888888888888888888",
    "Repo": {
      "ID": "2",
      "Namespace": "diaspora",
      "Name": "diaspora",
      "FullName": "diaspora/diaspora",
      "Perm": {
        "Pull": true,
        "Push": false,
        "Admin": false
      },
      "Branch": "master",
      "Private": false,
      "Clone": "https://gitlab.com/diaspora/diaspora.git",
      "CloneSSH": "git@gitlab.com:diaspora/diaspora.git",
      "Link": "",
      "Created": "0001-01-01T00:00:00Z",
      "Updated": "0001-01-01T00:00:00Z"
    }
  },
  "Fork": "diaspora/diaspora",
  "Link": "http://gitlab.example.com/my-group/my-project/merge_requests/1",
  "State": "closed",
  "Closed": true,
  "Draft": false,
  "Merged": true,
  "Mergeable": true,
  "Rebaseable": false,
  "MergeableState": "mergeable",
  "MergeSha": "",
  "Author": {
    "ID": 1,
    "Login": "admin",
    "Name": "Administrator",
    "Email": "",
    "Avatar": "",
    "Link": "",
    "Created": "0001-01-01T00:00:00Z",
    "Updated": "0001-01-01T00:00:00Z"
  },
  "Assignees": [{
    "ID": 1,
    "Login": "admin",
    "Name": "Administrator"
  }],
  "Milestone": {
    "Number": 0,
    "ID": 0,
    "Title": "",
    "Description": "",
    "Link": "",
    "State": ""
  },
  "Created": "2017-04-29T08:46:00Z",
  "Updated": "2017-04-29T08:46:00Z"
}
